// Jest Snapshot v1, https://goo.gl/fbAQLP

exports[`Todos renders correctly 1`] = `
<div>
  Todos
</div>
`;
